  Determining projects to restore...
  All projects are up-to-date for restore.
C:\Users\LENOVO\source\repos\SpokenEnglishAPI\SpokenEnglishAPI\Application\Implementation\AuthService.cs(3,7): warning CS0105: The using directive for 'SpokenEnglishAPI.Application.Interfaces' appeared previously in this namespace [C:\Users\LENOVO\source\repos\SpokenEnglishAPI\SpokenEnglishAPI\SpokenEnglishAPI.csproj]
C:\Users\LENOVO\source\repos\SpokenEnglishAPI\SpokenEnglishAPI\Application\Implementation\AuthService.cs(5,7): warning CS0105: The using directive for 'SpokenEnglishAPI.Domain.DTOs' appeared previously in this namespace [C:\Users\LENOVO\source\repos\SpokenEnglishAPI\SpokenEnglishAPI\SpokenEnglishAPI.csproj]
C:\Users\LENOVO\source\repos\SpokenEnglishAPI\SpokenEnglishAPI\Application\Implementation\AuthService.cs(8,7): warning CS0105: The using directive for 'SpokenEnglishAPI.Infrastructure.Repositories' appeared previously in this namespace [C:\Users\LENOVO\source\repos\SpokenEnglishAPI\SpokenEnglishAPI\SpokenEnglishAPI.csproj]
C:\Users\LENOVO\source\repos\SpokenEnglishAPI\SpokenEnglishAPI\Application\Implementation\AuthService.cs(10,7): warning CS0105: The using directive for 'SpokenEnglishAPI.Infrastructure.Security' appeared previously in this namespace [C:\Users\LENOVO\source\repos\SpokenEnglishAPI\SpokenEnglishAPI\SpokenEnglishAPI.csproj]
C:\Users\LENOVO\source\repos\SpokenEnglishAPI\SpokenEnglishAPI\Application\Implementation\SpeechService.cs(3,7): warning CS0105: The using directive for 'SpokenEnglishAPI.Application.Interfaces' appeared previously in this namespace [C:\Users\LENOVO\source\repos\SpokenEnglishAPI\SpokenEnglishAPI\SpokenEnglishAPI.csproj]
C:\Users\LENOVO\source\repos\SpokenEnglishAPI\SpokenEnglishAPI\Application\Implementation\SpeechService.cs(4,7): warning CS0105: The using directive for 'SpokenEnglishAPI.Domain.DTOs' appeared previously in this namespace [C:\Users\LENOVO\source\repos\SpokenEnglishAPI\SpokenEnglishAPI\SpokenEnglishAPI.csproj]
C:\Users\LENOVO\source\repos\SpokenEnglishAPI\SpokenEnglishAPI\Application\Interfaces\IAuthService.cs(2,7): warning CS0105: The using directive for 'SpokenEnglishAPI.Domain.DTOs' appeared previously in this namespace [C:\Users\LENOVO\source\repos\SpokenEnglishAPI\SpokenEnglishAPI\SpokenEnglishAPI.csproj]
C:\Users\LENOVO\source\repos\SpokenEnglishAPI\SpokenEnglishAPI\Infrastructure\Repositories\UserRepository.cs(6,7): warning CS0105: The using directive for 'SpokenEnglishAPI.Domain.Entities' appeared previously in this namespace [C:\Users\LENOVO\source\repos\SpokenEnglishAPI\SpokenEnglishAPI\SpokenEnglishAPI.csproj]
C:\Users\LENOVO\source\repos\SpokenEnglishAPI\SpokenEnglishAPI\Infrastructure\Repositories\UserRepository.cs(8,7): warning CS0105: The using directive for 'SpokenEnglishAPI.Infrastructure.Data' appeared previously in this namespace [C:\Users\LENOVO\source\repos\SpokenEnglishAPI\SpokenEnglishAPI\SpokenEnglishAPI.csproj]
C:\Users\LENOVO\source\repos\SpokenEnglishAPI\SpokenEnglishAPI\Infrastructure\Security\JwtTokenGenerator.cs(3,7): warning CS0105: The using directive for 'SpokenEnglishAPI.Domain.Entities' appeared previously in this namespace [C:\Users\LENOVO\source\repos\SpokenEnglishAPI\SpokenEnglishAPI\SpokenEnglishAPI.csproj]
C:\Users\LENOVO\source\repos\SpokenEnglishAPI\SpokenEnglishAPI\Application\Implementation\AuthService.cs(15,28): error CS0535: 'AuthService' does not implement interface member 'IAuthService.ValidateRefreshToken(string)' [C:\Users\LENOVO\source\repos\SpokenEnglishAPI\SpokenEnglishAPI\SpokenEnglishAPI.csproj]

Build FAILED.

C:\Users\LENOVO\source\repos\SpokenEnglishAPI\SpokenEnglishAPI\Application\Implementation\AuthService.cs(3,7): warning CS0105: The using directive for 'SpokenEnglishAPI.Application.Interfaces' appeared previously in this namespace [C:\Users\LENOVO\source\repos\SpokenEnglishAPI\SpokenEnglishAPI\SpokenEnglishAPI.csproj]
C:\Users\LENOVO\source\repos\SpokenEnglishAPI\SpokenEnglishAPI\Application\Implementation\AuthService.cs(5,7): warning CS0105: The using directive for 'SpokenEnglishAPI.Domain.DTOs' appeared previously in this namespace [C:\Users\LENOVO\source\repos\SpokenEnglishAPI\SpokenEnglishAPI\SpokenEnglishAPI.csproj]
C:\Users\LENOVO\source\repos\SpokenEnglishAPI\SpokenEnglishAPI\Application\Implementation\AuthService.cs(8,7): warning CS0105: The using directive for 'SpokenEnglishAPI.Infrastructure.Repositories' appeared previously in this namespace [C:\Users\LENOVO\source\repos\SpokenEnglishAPI\SpokenEnglishAPI\SpokenEnglishAPI.csproj]
C:\Users\LENOVO\source\repos\SpokenEnglishAPI\SpokenEnglishAPI\Application\Implementation\AuthService.cs(10,7): warning CS0105: The using directive for 'SpokenEnglishAPI.Infrastructure.Security' appeared previously in this namespace [C:\Users\LENOVO\source\repos\SpokenEnglishAPI\SpokenEnglishAPI\SpokenEnglishAPI.csproj]
C:\Users\LENOVO\source\repos\SpokenEnglishAPI\SpokenEnglishAPI\Application\Implementation\SpeechService.cs(3,7): warning CS0105: The using directive for 'SpokenEnglishAPI.Application.Interfaces' appeared previously in this namespace [C:\Users\LENOVO\source\repos\SpokenEnglishAPI\SpokenEnglishAPI\SpokenEnglishAPI.csproj]
C:\Users\LENOVO\source\repos\SpokenEnglishAPI\SpokenEnglishAPI\Application\Implementation\SpeechService.cs(4,7): warning CS0105: The using directive for 'SpokenEnglishAPI.Domain.DTOs' appeared previously in this namespace [C:\Users\LENOVO\source\repos\SpokenEnglishAPI\SpokenEnglishAPI\SpokenEnglishAPI.csproj]
C:\Users\LENOVO\source\repos\SpokenEnglishAPI\SpokenEnglishAPI\Application\Interfaces\IAuthService.cs(2,7): warning CS0105: The using directive for 'SpokenEnglishAPI.Domain.DTOs' appeared previously in this namespace [C:\Users\LENOVO\source\repos\SpokenEnglishAPI\SpokenEnglishAPI\SpokenEnglishAPI.csproj]
C:\Users\LENOVO\source\repos\SpokenEnglishAPI\SpokenEnglishAPI\Infrastructure\Repositories\UserRepository.cs(6,7): warning CS0105: The using directive for 'SpokenEnglishAPI.Domain.Entities' appeared previously in this namespace [C:\Users\LENOVO\source\repos\SpokenEnglishAPI\SpokenEnglishAPI\SpokenEnglishAPI.csproj]
C:\Users\LENOVO\source\repos\SpokenEnglishAPI\SpokenEnglishAPI\Infrastructure\Repositories\UserRepository.cs(8,7): warning CS0105: The using directive for 'SpokenEnglishAPI.Infrastructure.Data' appeared previously in this namespace [C:\Users\LENOVO\source\repos\SpokenEnglishAPI\SpokenEnglishAPI\SpokenEnglishAPI.csproj]
C:\Users\LENOVO\source\repos\SpokenEnglishAPI\SpokenEnglishAPI\Infrastructure\Security\JwtTokenGenerator.cs(3,7): warning CS0105: The using directive for 'SpokenEnglishAPI.Domain.Entities' appeared previously in this namespace [C:\Users\LENOVO\source\repos\SpokenEnglishAPI\SpokenEnglishAPI\SpokenEnglishAPI.csproj]
C:\Users\LENOVO\source\repos\SpokenEnglishAPI\SpokenEnglishAPI\Application\Implementation\AuthService.cs(15,28): error CS0535: 'AuthService' does not implement interface member 'IAuthService.ValidateRefreshToken(string)' [C:\Users\LENOVO\source\repos\SpokenEnglishAPI\SpokenEnglishAPI\SpokenEnglishAPI.csproj]
    10 Warning(s)
    1 Error(s)

Time Elapsed 00:00:01.40
